{
  "entry": [
    {
      "id": 1,
      "name": "update",
      "description": "update-description"
    }
  ],
  "entry_links": [
    {
      "entry_id": 1,
      "links": "update-link"
    }
  ]
}