{
  "entry": [
    {
      "id": 1,
      "name": "test",
      "description": "test-description"
    }
  ],
  "entry_links": [
    {
      "entry_id": 1,
      "links": "test-link"
    }
  ],
  "assessment": [
    {
      "id": 1,
      "entry_id": 1,
      "value": 1,
      "comment": "test-comment"
    }
  ]
}